19:04:37 **** Auto Build of configuration Debug for project GPIO_game ****
make pre-build main-build 
a9-linaro-pre-build-step
' '
'Building file: ../src/GPIO_game.c'
'Invoking: ARM v7 gcc compiler'
arm-none-eabi-gcc -Wall -O0 -g3 -c -fmessage-length=0 -MT"src/GPIO_game.o" -mcpu=cortex-a9 -mfpu=vfpv3 -mfloat-abi=hard -I../../GPIO_status_bsp/ps7_cortexa9_0/include -MMD -MP -MF"src/GPIO_game.d" -MT"src/GPIO_game.o" -o "src/GPIO_game.o" "../src/GPIO_game.c"
'Finished building: ../src/GPIO_game.c'
' '
'Building target: GPIO_game.elf'
'Invoking: ARM v7 gcc linker'
arm-none-eabi-gcc -mcpu=cortex-a9 -mfpu=vfpv3 -mfloat-abi=hard -Wl,-build-id=none -specs=Xilinx.spec -Wl,-T -Wl,../src/lscript.ld -L../../GPIO_status_bsp/ps7_cortexa9_0/lib -o "GPIO_game.elf"  ./src/GPIO_game.o   -Wl,--start-group,-lxil,-lgcc,-lc,--end-group
'Finished building target: GPIO_game.elf'
' '
'Invoking: ARM v7 Print Size'
arm-none-eabi-size GPIO_game.elf  |tee "GPIO_game.elf.size"
   text	   data	    bss	    dec	    hex	filename
  24356	   1188	  22584	  48128	   bc00	GPIO_game.elf
'Finished building: GPIO_game.elf.size'
' '

19:04:38 Build Finished (took 858ms)

